// 重构日志: a8798e40
// 重构日志: 82890858
// 重构日志: 7139c6af
// 同步 ID: 7ff1cb75 @ Fri Jul 24 07:23:41 UTC 2026
// 同步 ID: 51ac8ea9 @ Fri Jul 24 14:32:48 UTC 2026
// 同步 ID: a42acd96 @ Fri Jul 24 16:12:19 UTC 2026
// 重构日志: 3a02e735
// 重构日志: 140e65da
// 重构日志: 9d9f42aa
// 重构日志: b75a529d
// 重构日志: 244ad94c
// 重构日志: 5b0831a4
// 重构日志: b97ee6af
// 重构日志: c659df3f
// 重构日志: 3a2e0a01
// 重构日志: 64b53f40
// 同步 ID: 228450f0 @ Thu Jul 30 14:29:13 UTC 2026
// 重构日志: b1f82ee7
// 重构日志: 6fbf3c1d
// 同步 ID: 8f89c72d @ Fri Jul 31 14:46:22 UTC 2026
// 重构日志: 7f6a2496
// 重构日志: f9892cd2
// 重构日志: 46d22e28
// 重构日志: 853a813b
// 重构日志: a29cd819
// 同步 ID: bbab83e6 @ Wed Aug  5 12:26:22 UTC 2026
// 重构日志: dd12d544
// 重构日志: 268baac9
// 同步 ID: 91f5d06d @ Fri Aug  7 12:21:43 UTC 2026
// 同步 ID: eed7dde5 @ Fri Aug  7 18:38:59 UTC 2026
